==> Install the bagpack wallet(it is a chrome extension).
	> created a solana account 
==> Downloaded Pre Built Windows Binary and Extracted it to local drive

==> created another wallet using cli and command :

C:\Solana\solana-release\bin>solana-keygen new --force

==> configured it to use DevNet :


C:\Solana\solana-release\bin>solana config set --url https://api.devnet.solana.com
Config File: C:\Users\angry\.config\solana\cli\config.yml
RPC URL: https://api.devnet.solana.com
WebSocket URL: wss://api.devnet.solana.com/ (computed)
Keypair Path: C:\Users\angry\.config\solana\id.json
Commitment: confirmed


==> Created a token using command:

C:\Solana\solana-release\bin>spl-token create-token
Creating token 8aW5dF5XXp2KM3eeBHG1KwMVxJvJVFgx2jrd7EBzRDh4 under program TokenkegQfeZyiNwAJbNbGKPFXCWuBvf9Ss623VQ5DA
Error: Client(ClientError { request: Some(SendTransaction), kind: RpcError(RpcResponseError { code: -32002, message: "Transaction simulation failed: Attempt to debit an account but found no record of a prior credit.", data: SendTransactionPreflightFailure(RpcSimulateTransactionResult { err: Some(AccountNotFound), logs: Some([]), accounts: None, units_consumed: Some(0), return_data: None }) }) })

C:\Solana\solana-release\bin>solana bal
error: The subcommand 'bal' wasn't recognized
        Did you mean 'balance'?

If you believe you received this message in error, try re-running with 'solana -- bal'

USAGE:
    solana [FLAGS] [OPTIONS] <SUBCOMMAND>

For more information try --help

==> create didn't work because there is a gas fee involved in each transaction 
	> so airdropped 1 sol 

C:\Solana\solana-release\bin>solana balance
0 SOL

C:\Solana\solana-release\bin>solana airdrop 1
Requesting airdrop of 1 SOL

Signature: 34hmJqF9nv19NCPLM6udRgYYrVATv3xoopxBoaCKumAnP2VBbaNTukmYwA43UT2ASashUGWDMVggp9Kj72UzDom7

1 SOL

C:\Solana\solana-release\bin>solana balance
1 SOL

==> re-executed create-token

C:\Solana\solana-release\bin>spl-token create-token
Creating token DmgLHvyxdcvpULUf1noBY9Ka3m9f325h5Jpx57zhMBP1 under program TokenkegQfeZyiNwAJbNbGKPFXCWuBvf9Ss623VQ5DA

Address:  DmgLHvyxdcvpULUf1noBY9Ka3m9f325h5Jpx57zhMBP1
Decimals:  9

** decimals is essentially how many fragments our token can be divided into (here 9 means 10^9 fragments)


Signature: 2Dwr42vFMkyckmXJyxSePxjFnx19YZmT9NC6EEJFuMHJLKj3FZt8HBWnrtT7upQxPEY7QTayeeoQmMnVtisAb4k3

==> Created a bank account for cli wallet :


C:\Solana\solana-release\bin>spl-token create-account DmgLHvyxdcvpULUf1noBY9Ka3m9f325h5Jpx57zhMBP1
Creating account hDR4dsbbEeh9GxCWHvdMBPG4J782SqysrkGfQfP8WuT

Signature: 23rgx6grqNNk8WJSK5UmssbKz7vR6iVcxibSke7jHmcUudaNZwFgYrWUS13HkU2i2vju5ZTyTfdyXfGypQ2Dadvs

==> time to mint token 


C:\Solana\solana-release\bin>spl-token mint DmgLHvyxdcvpULUf1noBY9Ka3m9f325h5Jpx57zhMBP1 1000
Minting 1000 tokens
  Token: DmgLHvyxdcvpULUf1noBY9Ka3m9f325h5Jpx57zhMBP1
  Recipient: hDR4dsbbEeh9GxCWHvdMBPG4J782SqysrkGfQfP8WuT

Signature: o3ndWoEASqAXrZc4UR3QQ5xiQhLcnjs6vN1Xg7btHxaa6C8RyxLerLL5924P344JkGLEZ34xjLhkzTCanRnrxYK

==> transferring tokens to my bagpack wallet 

C:\Solana\solana-release\bin>spl-token transfer DmgLHvyxdcvpULUf1noBY9Ka3m9f325h5Jpx57zhMBP1 500 2BDe4nW6ERmNw4tPCJHbM59BkEGHkptGaV48Ev34eLXf --allow-unfunded-recipient --fund-recipient
Transfer 500 tokens
  Sender: hDR4dsbbEeh9GxCWHvdMBPG4J782SqysrkGfQfP8WuT
  Recipient: 2BDe4nW6ERmNw4tPCJHbM59BkEGHkptGaV48Ev34eLXf
  Recipient associated token account: 9iPwJPJTbsMseMkVxJ75QXBwqCcg6cyTvRsYq8LYRx9R

Signature: 5wV24iMLUvuZkPEVNeWehETj7AjzcV4jrqnPC2VeGSMKT5u8CAH51TCUKkfP6g2BffAE56g2vS9Ps8EHa33KD6cb